// Jest Snapshot v1, https://goo.gl/fbAQLP

exports[`lint-semver-ranges outputs all dependencies with incorrect versions 1`] = `
Array [
  Array [
    "[31mâœ• bar[39m ^0.2.0 [2min dependencies of pkg2[22m",
  ],
  Array [
    "[31mâœ• baz[39m ~0.3.0 [2min dependencies of pkg2[22m",
  ],
]
`;
